// Jest Snapshot v1, https://goo.gl/fbAQLP

exports[`The Text component renders as expected 1`] = `
<div
  className="inputs__form-element__VT4Ts inputs__form-element-text__13VAX"
>
  <label>
    i have something i need to tell you
  </label>
  <input
    type="text"
  />
</div>
`;
